// Jest Snapshot v1, https://goo.gl/fbAQLP

exports[`the settings page must be rendered correctly 1`] = `
<div>
   
  <div
    class="card"
  >
    <section>
      <h2>
        Let's start!
      </h2>
      <form>
        <div
          class="group-input-btn"
        >
          <input
            placeholder="enter the names of the participants"
            type="text"
            value=""
          />
          <button
            disabled=""
          >
            Add
          </button>
        </div>
        
      </form>
      <ul />
      <footer
        class="footer-settings"
      >
        <button
          class="button"
          disabled=""
        >
          Start Game
        </button>
        <img
          alt="Shopping bags"
          src="/images/bags.png"
        />
      </footer>
    </section>
  </div>
   
</div>
`;
